[    7722ms] [LOG] %c Console Ninja extension is connected to Next.js browser, background: rgb(30,30,30); color: rgb(255,213,92) see https://tinyurl.com/2vt8jxzw for more info. @ :0
[    7854ms] [INFO] %cDownload the React DevTools for a better development experience: https://react.dev/link/react-devtools font-weight:bold @ http://localhost:3000/_next/static/chunks/node_modules_next_dist_f3530cac._.js:2307
[    9404ms] [LOG] [HMR] connected @ http://localhost:3000/_next/static/chunks/node_modules_next_dist_f3530cac._.js:2307
[   11588ms] [WARNING] Image with src "https://images.unsplash.com/photo-1648275913341-7973ae7bc9b3?crop=entropy&cs=tinysrgb&fit=max&fm=jpg&ixid=M3w4NjU5NTF8MHwxfHNlYXJjaHwxfHxQViUyMC0lMjBMYXRlc3QlMjBNYXJrZXQlMjBVcGRhdGVzJTIwc3RvY2slMjBtYXJrZXR8ZW58MHwwfHx8MTc3MDcyNjIxMHww&ixlib=rb-4.1.0&q=80&w=1080" is using quality "85" which is not configured in images.qualities [75]. Please update your config to [75, 85].
Read more: https://nextjs.org/docs/messages/next-image-unconfigured-qualities @ http://localhost:3000/_next/static/chunks/node_modules_next_dist_f3530cac._.js:2307
[   11613ms] [WARNING] Image with src "https://images.unsplash.com/photo-1672870153636-32a5e5218792?crop=entropy&cs=tinysrgb&fit=max&fm=jpg&ixid=M3w4NjU5NTF8MHwxfHNlYXJjaHwxfHxBSSUyMC0lMjBMYXRlc3QlMjBNYXJrZXQlMjBVcGRhdGVzJTIwc3RvY2slMjBtYXJrZXR8ZW58MHwwfHx8MTc3MDgxMjYxOXww&ixlib=rb-4.1.0&q=80&w=1080" is using quality "85" which is not configured in images.qualities [75]. Please update your config to [75, 85].
Read more: https://nextjs.org/docs/messages/next-image-unconfigured-qualities @ http://localhost:3000/_next/static/chunks/node_modules_next_dist_f3530cac._.js:2307
[   11623ms] [WARNING] Image with src "https://images.unsplash.com/photo-1648275913341-7973ae7bc9b3?crop=entropy&cs=tinysrgb&fit=max&fm=jpg&ixid=M3w4NjU5NTF8MHwxfHNlYXJjaHwxfHxGTUNHJTIwLSUyMExhdGVzdCUyME1hcmtldCUyMFVwZGF0ZXMlMjBzdG9jayUyMG1hcmtldHxlbnwwfDB8fHwxNzcwODEyNjE1fDA&ixlib=rb-4.1.0&q=80&w=1080" is using quality "85" which is not configured in images.qualities [75]. Please update your config to [75, 85].
Read more: https://nextjs.org/docs/messages/next-image-unconfigured-qualities @ http://localhost:3000/_next/static/chunks/node_modules_next_dist_f3530cac._.js:2307
[   11640ms] [WARNING] Image with src "https://images.unsplash.com/photo-1651341050677-24dba59ce0fd?crop=entropy&cs=tinysrgb&fit=max&fm=jpg&ixid=M3w4NjU5NTF8MHwxfHNlYXJjaHwxfHxzdG9jayUyMG1hcmtldCUyMHRyYWRpbmd8ZW58MHwwfHx8MTc3MDc2OTMyOXww&ixlib=rb-4.1.0&q=80&w=1080" is using quality "85" which is not configured in images.qualities [75]. Please update your config to [75, 85].
Read more: https://nextjs.org/docs/messages/next-image-unconfigured-qualities @ http://localhost:3000/_next/static/chunks/node_modules_next_dist_f3530cac._.js:2307
[   11650ms] [WARNING] Image with src "https://images.unsplash.com/photo-1643297498934-f51ac4dbea12?crop=entropy&cs=tinysrgb&fit=max&fm=jpg&ixid=M3w4NjU5NTF8MHwxfHNlYXJjaHwxfHx0aW4lMjAtJTIwTGF0ZXN0JTIwTWFya2V0JTIwVXBkYXRlcyUyMGJhcnN8ZW58MHwwfHx8MTc3MDgxMjYwM3ww&ixlib=rb-4.1.0&q=80&w=1080" is using quality "85" which is not configured in images.qualities [75]. Please update your config to [75, 85].
Read more: https://nextjs.org/docs/messages/next-image-unconfigured-qualities @ http://localhost:3000/_next/static/chunks/node_modules_next_dist_f3530cac._.js:2307
[   13409ms] [LOG] [Fast Refresh] rebuilding @ http://localhost:3000/_next/static/chunks/node_modules_next_dist_f3530cac._.js:2307
[   14335ms] [LOG] [Fast Refresh] done in 1045ms @ http://localhost:3000/_next/static/chunks/node_modules_next_dist_f3530cac._.js:2307
[   14654ms] [LOG] [Fast Refresh] rebuilding @ http://localhost:3000/_next/static/chunks/node_modules_next_dist_f3530cac._.js:2307
[   14954ms] [LOG] [Fast Refresh] done in 400ms @ http://localhost:3000/_next/static/chunks/node_modules_next_dist_f3530cac._.js:2307
[   18235ms] [WARNING] Error while trying to use the following icon from the Manifest: http://localhost:3000/favicon.ico (Resource size is not correct - typo in the Manifest?) @ http://localhost:3000/:0
[   18841ms] [LOG] [Fast Refresh] rebuilding @ http://localhost:3000/_next/static/chunks/node_modules_next_dist_f3530cac._.js:2307
[   20195ms] [LOG] [Fast Refresh] done in 1456ms @ http://localhost:3000/_next/static/chunks/node_modules_next_dist_f3530cac._.js:2307
[   20303ms] [LOG] [Fast Refresh] rebuilding @ http://localhost:3000/_next/static/chunks/node_modules_next_dist_f3530cac._.js:2307
[   21305ms] [LOG] [Fast Refresh] done in 1108ms @ http://localhost:3000/_next/static/chunks/node_modules_next_dist_f3530cac._.js:2307
[   21392ms] [ERROR] Failed to load resource: the server responded with a status of 404 (Not Found) @ http://localhost:3000/icon.png:0
