[     188ms] [LOG] [Fast Refresh] rebuilding @ http://localhost:3000/_next/static/chunks/node_modules_next_dist_f3530cac._.js:2307
[    2297ms] [LOG] [Fast Refresh] done in 2213ms @ http://localhost:3000/_next/static/chunks/node_modules_next_dist_f3530cac._.js:2307
[    6496ms] [LOG] %c Console Ninja extension is connected to Next.js browser, background: rgb(30,30,30); color: rgb(255,213,92) see https://tinyurl.com/2vt8jxzw for more info. @ :0
[    6508ms] [INFO] %cDownload the React DevTools for a better development experience: https://react.dev/link/react-devtools font-weight:bold @ http://localhost:3000/_next/static/chunks/node_modules_next_dist_f3530cac._.js:2307
[    6715ms] [LOG] [HMR] connected @ http://localhost:3000/_next/static/chunks/node_modules_next_dist_f3530cac._.js:2307
[    7688ms] [WARNING] Image with src "https://images.unsplash.com/photo-1648275913341-7973ae7bc9b3?crop=entropy&cs=tinysrgb&fit=max&fm=jpg&ixid=M3w4NjU5NTF8MHwxfHNlYXJjaHwxfHxQViUyMC0lMjBMYXRlc3QlMjBNYXJrZXQlMjBVcGRhdGVzJTIwc3RvY2slMjBtYXJrZXR8ZW58MHwwfHx8MTc3MDcyNjIxMHww&ixlib=rb-4.1.0&q=80&w=1080" is using quality "85" which is not configured in images.qualities [75]. Please update your config to [75, 85].
Read more: https://nextjs.org/docs/messages/next-image-unconfigured-qualities @ http://localhost:3000/_next/static/chunks/node_modules_next_dist_f3530cac._.js:2307
[    7702ms] [WARNING] Image with src "https://images.unsplash.com/photo-1672870153636-32a5e5218792?crop=entropy&cs=tinysrgb&fit=max&fm=jpg&ixid=M3w4NjU5NTF8MHwxfHNlYXJjaHwxfHxBSSUyMC0lMjBMYXRlc3QlMjBNYXJrZXQlMjBVcGRhdGVzJTIwc3RvY2slMjBtYXJrZXR8ZW58MHwwfHx8MTc3MDgxMjYxOXww&ixlib=rb-4.1.0&q=80&w=1080" is using quality "85" which is not configured in images.qualities [75]. Please update your config to [75, 85].
Read more: https://nextjs.org/docs/messages/next-image-unconfigured-qualities @ http://localhost:3000/_next/static/chunks/node_modules_next_dist_f3530cac._.js:2307
[    7707ms] [WARNING] Image with src "https://images.unsplash.com/photo-1648275913341-7973ae7bc9b3?crop=entropy&cs=tinysrgb&fit=max&fm=jpg&ixid=M3w4NjU5NTF8MHwxfHNlYXJjaHwxfHxGTUNHJTIwLSUyMExhdGVzdCUyME1hcmtldCUyMFVwZGF0ZXMlMjBzdG9jayUyMG1hcmtldHxlbnwwfDB8fHwxNzcwODEyNjE1fDA&ixlib=rb-4.1.0&q=80&w=1080" is using quality "85" which is not configured in images.qualities [75]. Please update your config to [75, 85].
Read more: https://nextjs.org/docs/messages/next-image-unconfigured-qualities @ http://localhost:3000/_next/static/chunks/node_modules_next_dist_f3530cac._.js:2307
[    7715ms] [WARNING] Image with src "https://images.unsplash.com/photo-1651341050677-24dba59ce0fd?crop=entropy&cs=tinysrgb&fit=max&fm=jpg&ixid=M3w4NjU5NTF8MHwxfHNlYXJjaHwxfHxzdG9jayUyMG1hcmtldCUyMHRyYWRpbmd8ZW58MHwwfHx8MTc3MDc2OTMyOXww&ixlib=rb-4.1.0&q=80&w=1080" is using quality "85" which is not configured in images.qualities [75]. Please update your config to [75, 85].
Read more: https://nextjs.org/docs/messages/next-image-unconfigured-qualities @ http://localhost:3000/_next/static/chunks/node_modules_next_dist_f3530cac._.js:2307
[    7723ms] [WARNING] Image with src "https://images.unsplash.com/photo-1643297498934-f51ac4dbea12?crop=entropy&cs=tinysrgb&fit=max&fm=jpg&ixid=M3w4NjU5NTF8MHwxfHNlYXJjaHwxfHx0aW4lMjAtJTIwTGF0ZXN0JTIwTWFya2V0JTIwVXBkYXRlcyUyMGJhcnN8ZW58MHwwfHx8MTc3MDgxMjYwM3ww&ixlib=rb-4.1.0&q=80&w=1080" is using quality "85" which is not configured in images.qualities [75]. Please update your config to [75, 85].
Read more: https://nextjs.org/docs/messages/next-image-unconfigured-qualities @ http://localhost:3000/_next/static/chunks/node_modules_next_dist_f3530cac._.js:2307
[    7727ms] [WARNING] Image with src "https://images.unsplash.com/photo-1664138481334-12626f0e8708?crop=entropy&cs=tinysrgb&fit=max&fm=jpg&ixid=M3w4NjU5NTF8MHwxfHNlYXJjaHwxfHxVUyUyMC0lMjBMYXRlc3QlMjBNYXJrZXQlMjBVcGRhdGVzJTIwc3RvY2slMjBtYXJrZXR8ZW58MHwwfHx8MTc3MDgxMjU5M3ww&ixlib=rb-4.1.0&q=80&w=1080" is using quality "85" which is not configured in images.qualities [75]. Please update your config to [75, 85].
Read more: https://nextjs.org/docs/messages/next-image-unconfigured-qualities @ http://localhost:3000/_next/static/chunks/node_modules_next_dist_f3530cac._.js:2307
[    7747ms] [WARNING] Image with src "https://images.unsplash.com/photo-1648275913341-7973ae7bc9b3?crop=entropy&cs=tinysrgb&fit=max&fm=jpg&ixid=M3w4NjU5NTF8MHwxfHNlYXJjaHwxfHxTRVolMjAtJTIwTGF0ZXN0JTIwTWFya2V0JTIwVXBkYXRlcyUyMHN0b2NrJTIwbWFya2V0fGVufDB8MHx8fDE3NzA4MTI1Njh8MA&ixlib=rb-4.1.0&q=80&w=1080" is using quality "85" which is not configured in images.qualities [75]. Please update your config to [75, 85].
Read more: https://nextjs.org/docs/messages/next-image-unconfigured-qualities @ http://localhost:3000/_next/static/chunks/node_modules_next_dist_f3530cac._.js:2307
[    7752ms] [WARNING] Image with src "https://images.unsplash.com/photo-1648275913341-7973ae7bc9b3?crop=entropy&cs=tinysrgb&fit=max&fm=jpg&ixid=M3w4NjU5NTF8MHwxfHNlYXJjaHwxfHxOVFBDJTIwLSUyMExhdGVzdCUyME1hcmtldCUyMFVwZGF0ZXMlMjBzdG9jayUyMG1hcmtldHxlbnwwfDB8fHwxNzcwNzI2MjIzfDA&ixlib=rb-4.1.0&q=80&w=1080" is using quality "85" which is not configured in images.qualities [75]. Please update your config to [75, 85].
Read more: https://nextjs.org/docs/messages/next-image-unconfigured-qualities @ http://localhost:3000/_next/static/chunks/node_modules_next_dist_f3530cac._.js:2307
[    7756ms] [WARNING] Image with src "https://images.unsplash.com/photo-1648275913341-7973ae7bc9b3?crop=entropy&cs=tinysrgb&fit=max&fm=jpg&ixid=M3w4NjU5NTF8MHwxfHNlYXJjaHwxfHxITCUyMC0lMjBMYXRlc3QlMjBNYXJrZXQlMjBVcGRhdGVzJTIwc3RvY2slMjBtYXJrZXR8ZW58MHwwfHx8MTc3MDcyNjIxOXww&ixlib=rb-4.1.0&q=80&w=1080" is using quality "85" which is not configured in images.qualities [75]. Please update your config to [75, 85].
Read more: https://nextjs.org/docs/messages/next-image-unconfigured-qualities @ http://localhost:3000/_next/static/chunks/node_modules_next_dist_f3530cac._.js:2307
[    7764ms] [WARNING] Image with src "https://images.unsplash.com/photo-1651341050677-24dba59ce0fd?crop=entropy&cs=tinysrgb&fit=max&fm=jpg&ixid=M3w4NjU5NTF8MHwxfHNlYXJjaHwxfHxzdG9jayUyMG1hcmtldCUyMHRyYWRpbmd8ZW58MHwwfHx8MTc3MDY0MTQ1OXww&ixlib=rb-4.1.0&q=80&w=1080" is using quality "85" which is not configured in images.qualities [75]. Please update your config to [75, 85].
Read more: https://nextjs.org/docs/messages/next-image-unconfigured-qualities @ http://localhost:3000/_next/static/chunks/node_modules_next_dist_f3530cac._.js:2307
[   12089ms] [LOG] [Fast Refresh] rebuilding @ http://localhost:3000/_next/static/chunks/node_modules_next_dist_f3530cac._.js:2307
[   12293ms] [LOG] [Fast Refresh] done in 354ms @ http://localhost:3000/_next/static/chunks/node_modules_next_dist_f3530cac._.js:2307
[   12299ms] [WARNING] Error while trying to use the following icon from the Manifest: http://localhost:3000/favicon.ico (Resource size is not correct - typo in the Manifest?) @ http://localhost:3000/news:0
[   12515ms] [LOG] [Fast Refresh] rebuilding @ http://localhost:3000/_next/static/chunks/node_modules_next_dist_f3530cac._.js:2307
[   12678ms] [LOG] [Fast Refresh] done in 267ms @ http://localhost:3000/_next/static/chunks/node_modules_next_dist_f3530cac._.js:2307
